Run started:2020-06-06 16:18:17.522557

Test results:
>> Issue: [B605:start_process_with_a_shell] Starting a process with a shell: Seems safe, but may be changed in the future, consider rewriting without shell
   Severity: Low   Confidence: High
   Location: .\main.py:10
   More Info: https://bandit.readthedocs.io/en/latest/plugins/b605_start_process_with_a_shell.html
9	except ImportError:
10	    os.system('pip3 install -r requirements.txt')
11	

--------------------------------------------------
>> Issue: [B607:start_process_with_partial_path] Starting a process with a partial executable path
   Severity: Low   Confidence: High
   Location: .\main.py:10
   More Info: https://bandit.readthedocs.io/en/latest/plugins/b607_start_process_with_partial_path.html
9	except ImportError:
10	    os.system('pip3 install -r requirements.txt')
11	

--------------------------------------------------
>> Issue: [B404:blacklist] Consider possible security implications associated with subprocess module.
   Severity: Low   Confidence: High
   Location: .\resource\config\actions.py:5
   More Info: https://bandit.readthedocs.io/en/latest/blacklists/blacklist_imports.html#b404-import-subprocess
4	
5	import subprocess as sp
6	
7	
8	def make_actions(self, data):

--------------------------------------------------
>> Issue: [B602:subprocess_popen_with_shell_equals_true] subprocess call with shell=True identified, security issue.
   Severity: High   Confidence: High
   Location: .\resource\config\actions.py:38
   More Info: https://bandit.readthedocs.io/en/latest/plugins/b602_subprocess_popen_with_shell_equals_true.html
37	            if not daemon:
38	                proc = sp.run(run, check=False, shell=True,
39	                              stdout=sp.PIPE, stderr=sp.PIPE, universal_newlines=True)
40	            else:

--------------------------------------------------
>> Issue: [B602:subprocess_popen_with_shell_equals_true] subprocess call with shell=True identified, security issue.
   Severity: High   Confidence: High
   Location: .\resource\config\actions.py:41
   More Info: https://bandit.readthedocs.io/en/latest/plugins/b602_subprocess_popen_with_shell_equals_true.html
40	            else:
41	                proc = sp.Popen(run, shell=True, stdout=sp.PIPE, stderr=sp.PIPE,
42	                                creationflags=sp.DETACHED_PROCESS, start_new_session=True)
43	                self.daemon_pids[daemon] = proc.pid

--------------------------------------------------
>> Issue: [B506:yaml_load] Use of unsafe yaml load. Allows instantiation of arbitrary objects. Consider yaml.safe_load().
   Severity: Medium   Confidence: High
   Location: .\resource\config\parameters\yaml_parser.py:8
   More Info: https://bandit.readthedocs.io/en/latest/plugins/b506_yaml_load.html
7	    with open(source, "r") as file:
8	        content = yaml.load(file, Loader=yaml.FullLoader)
9	        d = iterate(content, *path[:-1])

--------------------------------------------------

Code scanned:
	Total lines of code: 961
	Total lines skipped (#nosec): 0

Run metrics:
	Total issues (by severity):
		Undefined: 0.0
		Low: 3.0
		Medium: 1.0
		High: 2.0
	Total issues (by confidence):
		Undefined: 0.0
		Low: 0.0
		Medium: 0.0
		High: 6.0
Files skipped (0):
